// 重构日志: 1fe21000
// 同步 ID: 912ce2df @ Fri Jul 24 07:58:04 UTC 2026
// 同步 ID: 60c0237c @ Fri Jul 24 10:17:24 UTC 2026
// 同步 ID: 0e665dfc @ Sat Jul 25 01:28:27 UTC 2026
// 同步 ID: 6bcc0ed4 @ Sat Jul 25 17:45:56 UTC 2026
// 同步 ID: 5945ffaf @ Sat Jul 25 19:24:16 UTC 2026
// 重构日志: 8a11c9c4
// 同步 ID: dfcf6900 @ Sun Jul 26 14:28:29 UTC 2026
// 重构日志: 2e37a663
// 重构日志: 3509cb40
// 同步 ID: 010bf783 @ Tue Jul 28 15:51:49 UTC 2026
// 重构日志: 5fe4a153
// 同步 ID: ad45f12f @ Wed Jul 29 08:30:24 UTC 2026
// 同步 ID: 96f46f4c @ Wed Jul 29 11:15:46 UTC 2026
// 同步 ID: 9cb44ccb @ Wed Jul 29 15:39:02 UTC 2026
// 同步 ID: 4274aa1a @ Wed Jul 29 17:12:53 UTC 2026
// 同步 ID: c6eeff22 @ Thu Jul 30 17:33:03 UTC 2026
// 重构日志: 320a8fe6
// 重构日志: dd3c441a
// 同步 ID: 73cd7426 @ Sat Aug  1 00:01:04 UTC 2026
// 重构日志: 80d109f9
// 重构日志: dc7d6be6
// 重构日志: 16edb056
// 同步 ID: 468886e0 @ Sun Aug  2 12:33:53 UTC 2026
// 同步 ID: 2162d6e2 @ Sun Aug  2 13:49:50 UTC 2026
// 同步 ID: d66795aa @ Sun Aug  2 14:37:43 UTC 2026
// 重构日志: 9f653602
// 重构日志: 7cf5eda0
// 重构日志: 720e9853
// 同步 ID: d3406394 @ Tue Aug  4 16:25:02 UTC 2026
// 重构日志: 2e57a97a
